060000;1;
220000;1;
230000;1;
340000;1;
670000;1;
690000;1;
710000;1;
740000;1;
770000;1;
780000;1;
830000;1;
890000;1;
920000;2;
990000;1;
m-9300;1;
